The target system is: Linux -  - arm
The host system is: Linux - 5.15.0-139-generic - x86_64
Compiling the C compiler identification source file "CMakeCCompilerId.c" succeeded.
Compiler: /opt/t5sdk/bin/aarch64-linux-gnu-gcc 
Build flags: 
Id flags:  

The output was:
0


Compilation of the C compiler identification source "CMakeCCompilerId.c" produced "a.out"

The C compiler identification is GNU, found in "/mnt/a57a7843-7ae2-415a-9125-4c61fa4163d9/claud_prj/Awtk_3rd_library/build/CMakeFiles/3.16.3/CompilerIdC/a.out"

Compiling the CXX compiler identification source file "CMakeCXXCompilerId.cpp" succeeded.
Compiler: /opt/t5sdk/bin/aarch64-linux-gnu-g++ 
Build flags: 
Id flags:  

The output was:
0


Compilation of the CXX compiler identification source "CMakeCXXCompilerId.cpp" produced "a.out"

The CXX compiler identification is GNU, found in "/mnt/a57a7843-7ae2-415a-9125-4c61fa4163d9/claud_prj/Awtk_3rd_library/build/CMakeFiles/3.16.3/CompilerIdCXX/a.out"

Determining if the C compiler works passed with the following output:
Change Dir: /mnt/a57a7843-7ae2-415a-9125-4c61fa4163d9/claud_prj/Awtk_3rd_library/build/CMakeFiles/CMakeTmp

Run Build Command(s):/usr/bin/make cmTC_37b04/fast && /usr/bin/make -f CMakeFiles/cmTC_37b04.dir/build.make CMakeFiles/cmTC_37b04.dir/build
make[1]: 进入目录“/mnt/a57a7843-7ae2-415a-9125-4c61fa4163d9/claud_prj/Awtk_3rd_library/build/CMakeFiles/CMakeTmp”
Building C object CMakeFiles/cmTC_37b04.dir/testCCompiler.c.o
/opt/t5sdk/bin/aarch64-linux-gnu-gcc --sysroot=/opt/t5sdk/aarch64-buildroot-linux-gnu/sysroot    -o CMakeFiles/cmTC_37b04.dir/testCCompiler.c.o   -c /mnt/a57a7843-7ae2-415a-9125-4c61fa4163d9/claud_prj/Awtk_3rd_library/build/CMakeFiles/CMakeTmp/testCCompiler.c
Linking C executable cmTC_37b04
/usr/bin/cmake -E cmake_link_script CMakeFiles/cmTC_37b04.dir/link.txt --verbose=1
/opt/t5sdk/bin/aarch64-linux-gnu-gcc --sysroot=/opt/t5sdk/aarch64-buildroot-linux-gnu/sysroot      CMakeFiles/cmTC_37b04.dir/testCCompiler.c.o  -o cmTC_37b04 
make[1]: 离开目录“/mnt/a57a7843-7ae2-415a-9125-4c61fa4163d9/claud_prj/Awtk_3rd_library/build/CMakeFiles/CMakeTmp”



Detecting C compiler ABI info compiled with the following output:
Change Dir: /mnt/a57a7843-7ae2-415a-9125-4c61fa4163d9/claud_prj/Awtk_3rd_library/build/CMakeFiles/CMakeTmp

Run Build Command(s):/usr/bin/make cmTC_77f18/fast && /usr/bin/make -f CMakeFiles/cmTC_77f18.dir/build.make CMakeFiles/cmTC_77f18.dir/build
make[1]: Entering directory '/mnt/a57a7843-7ae2-415a-9125-4c61fa4163d9/claud_prj/Awtk_3rd_library/build/CMakeFiles/CMakeTmp'
Building C object CMakeFiles/cmTC_77f18.dir/CMakeCCompilerABI.c.o
/opt/t5sdk/bin/aarch64-linux-gnu-gcc --sysroot=/opt/t5sdk/aarch64-buildroot-linux-gnu/sysroot   -v -o CMakeFiles/cmTC_77f18.dir/CMakeCCompilerABI.c.o   -c /usr/share/cmake-3.16/Modules/CMakeCCompilerABI.c
Using built-in specs.
COLLECT_GCC=/opt/t5sdk/toolchain/bin/aarch64-linux-gnu-gcc
Target: aarch64-linux-gnu
Configured with: '/home/tcwg-buildslave/workspace/tcwg-make-release_1/snapshots/gcc.git~linaro-7.4-2019.02/configure' SHELL=/bin/bash --with-mpc=/home/tcwg-buildslave/workspace/tcwg-make-release_1/_build/builds/destdir/x86_64-unknown-linux-gnu --with-mpfr=/home/tcwg-buildslave/workspace/tcwg-make-release_1/_build/builds/destdir/x86_64-unknown-linux-gnu --with-gmp=/home/tcwg-buildslave/workspace/tcwg-make-release_1/_build/builds/destdir/x86_64-unknown-linux-gnu --with-gnu-as --with-gnu-ld --disable-libmudflap --enable-lto --enable-shared --without-included-gettext --enable-nls --with-system-zlib --disable-sjlj-exceptions --enable-gnu-unique-object --enable-linker-build-id --disable-libstdcxx-pch --enable-c99 --enable-clocale=gnu --enable-libstdcxx-debug --enable-long-long --with-cloog=no --with-ppl=no --with-isl=no --disable-multilib --enable-fix-cortex-a53-835769 --enable-fix-cortex-a53-843419 --with-arch=armv8-a --enable-threads=posix --enable-multiarch --enable-libstdcxx-time=yes --enable-gnu-indirect-function --with-build-sysroot=/home/tcwg-buildslave/workspace/tcwg-make-release_1/_build/sysroots/aarch64-linux-gnu --with-sysroot=/home/tcwg-buildslave/workspace/tcwg-make-release_1/_build/builds/destdir/x86_64-unknown-linux-gnu/aarch64-linux-gnu/libc --enable-checking=release --disable-bootstrap --enable-languages=c,c++,fortran,lto --build=x86_64-unknown-linux-gnu --host=x86_64-unknown-linux-gnu --target=aarch64-linux-gnu --prefix=/home/tcwg-buildslave/workspace/tcwg-make-release_1/_build/builds/destdir/x86_64-unknown-linux-gnu
Thread model: posix
gcc version 7.4.1 20181213 [linaro-7.4-2019.02 revision 56ec6f6b99cc167ff0c2f8e1a2eed33b1edc85d4] (Linaro GCC 7.4-2019.02) 
COLLECT_GCC_OPTIONS='-mabi=lp64' '-mcpu=cortex-a53' '-v' '-o' 'CMakeFiles/cmTC_77f18.dir/CMakeCCompilerABI.c.o' '-c' '-mlittle-endian'
 /opt/t5sdk/toolchain/bin/../libexec/gcc/aarch64-linux-gnu/7.4.1/cc1 -quiet -v -imultiarch aarch64-linux-gnu -iprefix /opt/t5sdk/toolchain/bin/../lib/gcc/aarch64-linux-gnu/7.4.1/ -isysroot /opt/t5sdk/aarch64-buildroot-linux-gnu/sysroot /usr/share/cmake-3.16/Modules/CMakeCCompilerABI.c -quiet -dumpbase CMakeCCompilerABI.c -mabi=lp64 -mcpu=cortex-a53 -mlittle-endian -auxbase-strip CMakeFiles/cmTC_77f18.dir/CMakeCCompilerABI.c.o -version -o /tmp/ccbWeMAU.s
GNU C11 (Linaro GCC 7.4-2019.02) version 7.4.1 20181213 [linaro-7.4-2019.02 revision 56ec6f6b99cc167ff0c2f8e1a2eed33b1edc85d4] (aarch64-linux-gnu)
	compiled by GNU C version 4.8.4, GMP version 6.1.2, MPFR version 3.1.5, MPC version 1.0.3, isl version none
GGC heuristics: --param ggc-min-expand=100 --param ggc-min-heapsize=131072
ignoring duplicate directory "/opt/t5sdk/toolchain/bin/../lib/gcc/../../lib/gcc/aarch64-linux-gnu/7.4.1/include"
ignoring nonexistent directory "/opt/t5sdk/aarch64-buildroot-linux-gnu/sysroot/usr/local/include/aarch64-linux-gnu"
ignoring nonexistent directory "/opt/t5sdk/aarch64-buildroot-linux-gnu/sysroot/usr/local/include"
ignoring duplicate directory "/opt/t5sdk/toolchain/bin/../lib/gcc/../../lib/gcc/aarch64-linux-gnu/7.4.1/include-fixed"
ignoring duplicate directory "/opt/t5sdk/toolchain/bin/../lib/gcc/../../lib/gcc/aarch64-linux-gnu/7.4.1/../../../../aarch64-linux-gnu/include"
ignoring nonexistent directory "/opt/t5sdk/aarch64-buildroot-linux-gnu/sysroot/usr/include/aarch64-linux-gnu"
#include "..." search starts here:
#include <...> search starts here:
 /opt/t5sdk/toolchain/bin/../lib/gcc/aarch64-linux-gnu/7.4.1/include
 /opt/t5sdk/toolchain/bin/../lib/gcc/aarch64-linux-gnu/7.4.1/include-fixed
 /opt/t5sdk/toolchain/bin/../lib/gcc/aarch64-linux-gnu/7.4.1/../../../../aarch64-linux-gnu/include
 /opt/t5sdk/aarch64-buildroot-linux-gnu/sysroot/usr/include
End of search list.
GNU C11 (Linaro GCC 7.4-2019.02) version 7.4.1 20181213 [linaro-7.4-2019.02 revision 56ec6f6b99cc167ff0c2f8e1a2eed33b1edc85d4] (aarch64-linux-gnu)
	compiled by GNU C version 4.8.4, GMP version 6.1.2, MPFR version 3.1.5, MPC version 1.0.3, isl version none
GGC heuristics: --param ggc-min-expand=100 --param ggc-min-heapsize=131072
Compiler executable checksum: 8307aa646a533fa3d45696c762ff0299
COLLECT_GCC_OPTIONS='-mabi=lp64' '-mcpu=cortex-a53' '-v' '-o' 'CMakeFiles/cmTC_77f18.dir/CMakeCCompilerABI.c.o' '-c' '-mlittle-endian'
 /opt/t5sdk/toolchain/bin/../lib/gcc/aarch64-linux-gnu/7.4.1/../../../../aarch64-linux-gnu/bin/as -v -EL -march=armv8-a+crc -mabi=lp64 -o CMakeFiles/cmTC_77f18.dir/CMakeCCompilerABI.c.o /tmp/ccbWeMAU.s
GNU assembler version 2.28.2 (aarch64-linux-gnu) using BFD version (Linaro_Binutils-2019.02) 2.28.2.20170706
COMPILER_PATH=/opt/t5sdk/toolchain/bin/../libexec/gcc/aarch64-linux-gnu/7.4.1/:/opt/t5sdk/toolchain/bin/../libexec/gcc/aarch64-linux-gnu/:/opt/t5sdk/toolchain/bin/../libexec/gcc/:/opt/t5sdk/toolchain/bin/../lib/gcc/aarch64-linux-gnu/7.4.1/../../../../aarch64-linux-gnu/bin/
LIBRARY_PATH=/opt/t5sdk/toolchain/bin/../lib/gcc/aarch64-linux-gnu/7.4.1/:/opt/t5sdk/toolchain/bin/../lib/gcc/aarch64-linux-gnu/:/opt/t5sdk/toolchain/bin/../lib/gcc/:/opt/t5sdk/toolchain/bin/../lib/gcc/aarch64-linux-gnu/7.4.1/../../../../aarch64-linux-gnu/lib/../lib64/:/opt/t5sdk/aarch64-buildroot-linux-gnu/sysroot/lib/../lib64/:/opt/t5sdk/aarch64-buildroot-linux-gnu/sysroot/usr/lib/../lib64/:/opt/t5sdk/toolchain/bin/../lib/gcc/aarch64-linux-gnu/7.4.1/../../../../aarch64-linux-gnu/lib/:/opt/t5sdk/aarch64-buildroot-linux-gnu/sysroot/lib/:/opt/t5sdk/aarch64-buildroot-linux-gnu/sysroot/usr/lib/
COLLECT_GCC_OPTIONS='-mabi=lp64' '-mcpu=cortex-a53' '-v' '-o' 'CMakeFiles/cmTC_77f18.dir/CMakeCCompilerABI.c.o' '-c' '-mlittle-endian'
Linking C executable cmTC_77f18
/usr/bin/cmake -E cmake_link_script CMakeFiles/cmTC_77f18.dir/link.txt --verbose=1
/opt/t5sdk/bin/aarch64-linux-gnu-gcc --sysroot=/opt/t5sdk/aarch64-buildroot-linux-gnu/sysroot     -v CMakeFiles/cmTC_77f18.dir/CMakeCCompilerABI.c.o  -o cmTC_77f18 
Using built-in specs.
COLLECT_GCC=/opt/t5sdk/toolchain/bin/aarch64-linux-gnu-gcc
COLLECT_LTO_WRAPPER=/opt/t5sdk/toolchain/bin/../libexec/gcc/aarch64-linux-gnu/7.4.1/lto-wrapper
Target: aarch64-linux-gnu
Configured with: '/home/tcwg-buildslave/workspace/tcwg-make-release_1/snapshots/gcc.git~linaro-7.4-2019.02/configure' SHELL=/bin/bash --with-mpc=/home/tcwg-buildslave/workspace/tcwg-make-release_1/_build/builds/destdir/x86_64-unknown-linux-gnu --with-mpfr=/home/tcwg-buildslave/workspace/tcwg-make-release_1/_build/builds/destdir/x86_64-unknown-linux-gnu --with-gmp=/home/tcwg-buildslave/workspace/tcwg-make-release_1/_build/builds/destdir/x86_64-unknown-linux-gnu --with-gnu-as --with-gnu-ld --disable-libmudflap --enable-lto --enable-shared --without-included-gettext --enable-nls --with-system-zlib --disable-sjlj-exceptions --enable-gnu-unique-object --enable-linker-build-id --disable-libstdcxx-pch --enable-c99 --enable-clocale=gnu --enable-libstdcxx-debug --enable-long-long --with-cloog=no --with-ppl=no --with-isl=no --disable-multilib --enable-fix-cortex-a53-835769 --enable-fix-cortex-a53-843419 --with-arch=armv8-a --enable-threads=posix --enable-multiarch --enable-libstdcxx-time=yes --enable-gnu-indirect-function --with-build-sysroot=/home/tcwg-buildslave/workspace/tcwg-make-release_1/_build/sysroots/aarch64-linux-gnu --with-sysroot=/home/tcwg-buildslave/workspace/tcwg-make-release_1/_build/builds/destdir/x86_64-unknown-linux-gnu/aarch64-linux-gnu/libc --enable-checking=release --disable-bootstrap --enable-languages=c,c++,fortran,lto --build=x86_64-unknown-linux-gnu --host=x86_64-unknown-linux-gnu --target=aarch64-linux-gnu --prefix=/home/tcwg-buildslave/workspace/tcwg-make-release_1/_build/builds/destdir/x86_64-unknown-linux-gnu
Thread model: posix
gcc version 7.4.1 20181213 [linaro-7.4-2019.02 revision 56ec6f6b99cc167ff0c2f8e1a2eed33b1edc85d4] (Linaro GCC 7.4-2019.02) 
COMPILER_PATH=/opt/t5sdk/toolchain/bin/../libexec/gcc/aarch64-linux-gnu/7.4.1/:/opt/t5sdk/toolchain/bin/../libexec/gcc/aarch64-linux-gnu/:/opt/t5sdk/toolchain/bin/../libexec/gcc/:/opt/t5sdk/toolchain/bin/../lib/gcc/aarch64-linux-gnu/7.4.1/../../../../aarch64-linux-gnu/bin/
LIBRARY_PATH=/opt/t5sdk/toolchain/bin/../lib/gcc/aarch64-linux-gnu/7.4.1/:/opt/t5sdk/toolchain/bin/../lib/gcc/aarch64-linux-gnu/:/opt/t5sdk/toolchain/bin/../lib/gcc/:/opt/t5sdk/toolchain/bin/../lib/gcc/aarch64-linux-gnu/7.4.1/../../../../aarch64-linux-gnu/lib/../lib64/:/opt/t5sdk/aarch64-buildroot-linux-gnu/sysroot/lib/../lib64/:/opt/t5sdk/aarch64-buildroot-linux-gnu/sysroot/usr/lib/../lib64/:/opt/t5sdk/toolchain/bin/../lib/gcc/aarch64-linux-gnu/7.4.1/../../../../aarch64-linux-gnu/lib/:/opt/t5sdk/aarch64-buildroot-linux-gnu/sysroot/lib/:/opt/t5sdk/aarch64-buildroot-linux-gnu/sysroot/usr/lib/
COLLECT_GCC_OPTIONS='-mabi=lp64' '-mcpu=cortex-a53' '-v' '-o' 'cmTC_77f18' '-mlittle-endian'
 /opt/t5sdk/toolchain/bin/../libexec/gcc/aarch64-linux-gnu/7.4.1/collect2 -plugin /opt/t5sdk/toolchain/bin/../libexec/gcc/aarch64-linux-gnu/7.4.1/liblto_plugin.so -plugin-opt=/opt/t5sdk/toolchain/bin/../libexec/gcc/aarch64-linux-gnu/7.4.1/lto-wrapper -plugin-opt=-fresolution=/tmp/cc6mLXip.res -plugin-opt=-pass-through=-lgcc -plugin-opt=-pass-through=-lgcc_s -plugin-opt=-pass-through=-lc -plugin-opt=-pass-through=-lgcc -plugin-opt=-pass-through=-lgcc_s --sysroot=/opt/t5sdk/aarch64-buildroot-linux-gnu/sysroot --build-id --eh-frame-hdr -dynamic-linker /lib/ld-linux-aarch64.so.1 -X -EL -maarch64linux --fix-cortex-a53-835769 --fix-cortex-a53-843419 -o cmTC_77f18 /opt/t5sdk/aarch64-buildroot-linux-gnu/sysroot/usr/lib/../lib64/crt1.o /opt/t5sdk/aarch64-buildroot-linux-gnu/sysroot/usr/lib/../lib64/crti.o /opt/t5sdk/toolchain/bin/../lib/gcc/aarch64-linux-gnu/7.4.1/crtbegin.o -L/opt/t5sdk/toolchain/bin/../lib/gcc/aarch64-linux-gnu/7.4.1 -L/opt/t5sdk/toolchain/bin/../lib/gcc/aarch64-linux-gnu -L/opt/t5sdk/toolchain/bin/../lib/gcc -L/opt/t5sdk/toolchain/bin/../lib/gcc/aarch64-linux-gnu/7.4.1/../../../../aarch64-linux-gnu/lib/../lib64 -L/opt/t5sdk/aarch64-buildroot-linux-gnu/sysroot/lib/../lib64 -L/opt/t5sdk/aarch64-buildroot-linux-gnu/sysroot/usr/lib/../lib64 -L/opt/t5sdk/toolchain/bin/../lib/gcc/aarch64-linux-gnu/7.4.1/../../../../aarch64-linux-gnu/lib -L/opt/t5sdk/aarch64-buildroot-linux-gnu/sysroot/lib -L/opt/t5sdk/aarch64-buildroot-linux-gnu/sysroot/usr/lib CMakeFiles/cmTC_77f18.dir/CMakeCCompilerABI.c.o -lgcc --as-needed -lgcc_s --no-as-needed -lc -lgcc --as-needed -lgcc_s --no-as-needed /opt/t5sdk/toolchain/bin/../lib/gcc/aarch64-linux-gnu/7.4.1/crtend.o /opt/t5sdk/aarch64-buildroot-linux-gnu/sysroot/usr/lib/../lib64/crtn.o
COLLECT_GCC_OPTIONS='-mabi=lp64' '-mcpu=cortex-a53' '-v' '-o' 'cmTC_77f18' '-mlittle-endian'
make[1]: Leaving directory '/mnt/a57a7843-7ae2-415a-9125-4c61fa4163d9/claud_prj/Awtk_3rd_library/build/CMakeFiles/CMakeTmp'



Parsed C implicit include dir info from above output: rv=done
  found start of include info
  found start of implicit include info
    add: [/opt/t5sdk/toolchain/bin/../lib/gcc/aarch64-linux-gnu/7.4.1/include]
    add: [/opt/t5sdk/toolchain/bin/../lib/gcc/aarch64-linux-gnu/7.4.1/include-fixed]
    add: [/opt/t5sdk/toolchain/bin/../lib/gcc/aarch64-linux-gnu/7.4.1/../../../../aarch64-linux-gnu/include]
    add: [/opt/t5sdk/aarch64-buildroot-linux-gnu/sysroot/usr/include]
  end of search list found
  collapse include dir [/opt/t5sdk/toolchain/bin/../lib/gcc/aarch64-linux-gnu/7.4.1/include] ==> [/opt/t5sdk/toolchain/lib/gcc/aarch64-linux-gnu/7.4.1/include]
  collapse include dir [/opt/t5sdk/toolchain/bin/../lib/gcc/aarch64-linux-gnu/7.4.1/include-fixed] ==> [/opt/t5sdk/toolchain/lib/gcc/aarch64-linux-gnu/7.4.1/include-fixed]
  collapse include dir [/opt/t5sdk/toolchain/bin/../lib/gcc/aarch64-linux-gnu/7.4.1/../../../../aarch64-linux-gnu/include] ==> [/opt/t5sdk/toolchain/aarch64-linux-gnu/include]
  collapse include dir [/opt/t5sdk/aarch64-buildroot-linux-gnu/sysroot/usr/include] ==> [/opt/t5sdk/aarch64-buildroot-linux-gnu/sysroot/usr/include]
  implicit include dirs: [/opt/t5sdk/toolchain/lib/gcc/aarch64-linux-gnu/7.4.1/include;/opt/t5sdk/toolchain/lib/gcc/aarch64-linux-gnu/7.4.1/include-fixed;/opt/t5sdk/toolchain/aarch64-linux-gnu/include;/opt/t5sdk/aarch64-buildroot-linux-gnu/sysroot/usr/include]


Parsed C implicit link information from above output:
  link line regex: [^( *|.*[/\])(aarch64-linux-gnu-ld|CMAKE_LINK_STARTFILE-NOTFOUND|([^/\]+-)?ld|collect2)[^/\]*( |$)]
  ignore line: [Change Dir: /mnt/a57a7843-7ae2-415a-9125-4c61fa4163d9/claud_prj/Awtk_3rd_library/build/CMakeFiles/CMakeTmp]
  ignore line: []
  ignore line: [Run Build Command(s):/usr/bin/make cmTC_77f18/fast && /usr/bin/make -f CMakeFiles/cmTC_77f18.dir/build.make CMakeFiles/cmTC_77f18.dir/build]
  ignore line: [make[1]: Entering directory '/mnt/a57a7843-7ae2-415a-9125-4c61fa4163d9/claud_prj/Awtk_3rd_library/build/CMakeFiles/CMakeTmp']
  ignore line: [Building C object CMakeFiles/cmTC_77f18.dir/CMakeCCompilerABI.c.o]
  ignore line: [/opt/t5sdk/bin/aarch64-linux-gnu-gcc --sysroot=/opt/t5sdk/aarch64-buildroot-linux-gnu/sysroot   -v -o CMakeFiles/cmTC_77f18.dir/CMakeCCompilerABI.c.o   -c /usr/share/cmake-3.16/Modules/CMakeCCompilerABI.c]
  ignore line: [Using built-in specs.]
  ignore line: [COLLECT_GCC=/opt/t5sdk/toolchain/bin/aarch64-linux-gnu-gcc]
  ignore line: [Target: aarch64-linux-gnu]
  ignore line: [Configured with: '/home/tcwg-buildslave/workspace/tcwg-make-release_1/snapshots/gcc.git~linaro-7.4-2019.02/configure' SHELL=/bin/bash --with-mpc=/home/tcwg-buildslave/workspace/tcwg-make-release_1/_build/builds/destdir/x86_64-unknown-linux-gnu --with-mpfr=/home/tcwg-buildslave/workspace/tcwg-make-release_1/_build/builds/destdir/x86_64-unknown-linux-gnu --with-gmp=/home/tcwg-buildslave/workspace/tcwg-make-release_1/_build/builds/destdir/x86_64-unknown-linux-gnu --with-gnu-as --with-gnu-ld --disable-libmudflap --enable-lto --enable-shared --without-included-gettext --enable-nls --with-system-zlib --disable-sjlj-exceptions --enable-gnu-unique-object --enable-linker-build-id --disable-libstdcxx-pch --enable-c99 --enable-clocale=gnu --enable-libstdcxx-debug --enable-long-long --with-cloog=no --with-ppl=no --with-isl=no --disable-multilib --enable-fix-cortex-a53-835769 --enable-fix-cortex-a53-843419 --with-arch=armv8-a --enable-threads=posix --enable-multiarch --enable-libstdcxx-time=yes --enable-gnu-indirect-function --with-build-sysroot=/home/tcwg-buildslave/workspace/tcwg-make-release_1/_build/sysroots/aarch64-linux-gnu --with-sysroot=/home/tcwg-buildslave/workspace/tcwg-make-release_1/_build/builds/destdir/x86_64-unknown-linux-gnu/aarch64-linux-gnu/libc --enable-checking=release --disable-bootstrap --enable-languages=c,c++,fortran,lto --build=x86_64-unknown-linux-gnu --host=x86_64-unknown-linux-gnu --target=aarch64-linux-gnu --prefix=/home/tcwg-buildslave/workspace/tcwg-make-release_1/_build/builds/destdir/x86_64-unknown-linux-gnu]
  ignore line: [Thread model: posix]
  ignore line: [gcc version 7.4.1 20181213 [linaro-7.4-2019.02 revision 56ec6f6b99cc167ff0c2f8e1a2eed33b1edc85d4] (Linaro GCC 7.4-2019.02) ]
  ignore line: [COLLECT_GCC_OPTIONS='-mabi=lp64' '-mcpu=cortex-a53' '-v' '-o' 'CMakeFiles/cmTC_77f18.dir/CMakeCCompilerABI.c.o' '-c' '-mlittle-endian']
  ignore line: [ /opt/t5sdk/toolchain/bin/../libexec/gcc/aarch64-linux-gnu/7.4.1/cc1 -quiet -v -imultiarch aarch64-linux-gnu -iprefix /opt/t5sdk/toolchain/bin/../lib/gcc/aarch64-linux-gnu/7.4.1/ -isysroot /opt/t5sdk/aarch64-buildroot-linux-gnu/sysroot /usr/share/cmake-3.16/Modules/CMakeCCompilerABI.c -quiet -dumpbase CMakeCCompilerABI.c -mabi=lp64 -mcpu=cortex-a53 -mlittle-endian -auxbase-strip CMakeFiles/cmTC_77f18.dir/CMakeCCompilerABI.c.o -version -o /tmp/ccbWeMAU.s]
  ignore line: [GNU C11 (Linaro GCC 7.4-2019.02) version 7.4.1 20181213 [linaro-7.4-2019.02 revision 56ec6f6b99cc167ff0c2f8e1a2eed33b1edc85d4] (aarch64-linux-gnu)]
  ignore line: [	compiled by GNU C version 4.8.4  GMP version 6.1.2  MPFR version 3.1.5  MPC version 1.0.3  isl version none]
  ignore line: [GGC heuristics: --param ggc-min-expand=100 --param ggc-min-heapsize=131072]
  ignore line: [ignoring duplicate directory "/opt/t5sdk/toolchain/bin/../lib/gcc/../../lib/gcc/aarch64-linux-gnu/7.4.1/include"]
  ignore line: [ignoring nonexistent directory "/opt/t5sdk/aarch64-buildroot-linux-gnu/sysroot/usr/local/include/aarch64-linux-gnu"]
  ignore line: [ignoring nonexistent directory "/opt/t5sdk/aarch64-buildroot-linux-gnu/sysroot/usr/local/include"]
  ignore line: [ignoring duplicate directory "/opt/t5sdk/toolchain/bin/../lib/gcc/../../lib/gcc/aarch64-linux-gnu/7.4.1/include-fixed"]
  ignore line: [ignoring duplicate directory "/opt/t5sdk/toolchain/bin/../lib/gcc/../../lib/gcc/aarch64-linux-gnu/7.4.1/../../../../aarch64-linux-gnu/include"]
  ignore line: [ignoring nonexistent directory "/opt/t5sdk/aarch64-buildroot-linux-gnu/sysroot/usr/include/aarch64-linux-gnu"]
  ignore line: [#include "..." search starts here:]
  ignore line: [#include <...> search starts here:]
  ignore line: [ /opt/t5sdk/toolchain/bin/../lib/gcc/aarch64-linux-gnu/7.4.1/include]
  ignore line: [ /opt/t5sdk/toolchain/bin/../lib/gcc/aarch64-linux-gnu/7.4.1/include-fixed]
  ignore line: [ /opt/t5sdk/toolchain/bin/../lib/gcc/aarch64-linux-gnu/7.4.1/../../../../aarch64-linux-gnu/include]
  ignore line: [ /opt/t5sdk/aarch64-buildroot-linux-gnu/sysroot/usr/include]
  ignore line: [End of search list.]
  ignore line: [GNU C11 (Linaro GCC 7.4-2019.02) version 7.4.1 20181213 [linaro-7.4-2019.02 revision 56ec6f6b99cc167ff0c2f8e1a2eed33b1edc85d4] (aarch64-linux-gnu)]
  ignore line: [	compiled by GNU C version 4.8.4  GMP version 6.1.2  MPFR version 3.1.5  MPC version 1.0.3  isl version none]
  ignore line: [GGC heuristics: --param ggc-min-expand=100 --param ggc-min-heapsize=131072]
  ignore line: [Compiler executable checksum: 8307aa646a533fa3d45696c762ff0299]
  ignore line: [COLLECT_GCC_OPTIONS='-mabi=lp64' '-mcpu=cortex-a53' '-v' '-o' 'CMakeFiles/cmTC_77f18.dir/CMakeCCompilerABI.c.o' '-c' '-mlittle-endian']
  ignore line: [ /opt/t5sdk/toolchain/bin/../lib/gcc/aarch64-linux-gnu/7.4.1/../../../../aarch64-linux-gnu/bin/as -v -EL -march=armv8-a+crc -mabi=lp64 -o CMakeFiles/cmTC_77f18.dir/CMakeCCompilerABI.c.o /tmp/ccbWeMAU.s]
  ignore line: [GNU assembler version 2.28.2 (aarch64-linux-gnu) using BFD version (Linaro_Binutils-2019.02) 2.28.2.20170706]
  ignore line: [COMPILER_PATH=/opt/t5sdk/toolchain/bin/../libexec/gcc/aarch64-linux-gnu/7.4.1/:/opt/t5sdk/toolchain/bin/../libexec/gcc/aarch64-linux-gnu/:/opt/t5sdk/toolchain/bin/../libexec/gcc/:/opt/t5sdk/toolchain/bin/../lib/gcc/aarch64-linux-gnu/7.4.1/../../../../aarch64-linux-gnu/bin/]
  ignore line: [LIBRARY_PATH=/opt/t5sdk/toolchain/bin/../lib/gcc/aarch64-linux-gnu/7.4.1/:/opt/t5sdk/toolchain/bin/../lib/gcc/aarch64-linux-gnu/:/opt/t5sdk/toolchain/bin/../lib/gcc/:/opt/t5sdk/toolchain/bin/../lib/gcc/aarch64-linux-gnu/7.4.1/../../../../aarch64-linux-gnu/lib/../lib64/:/opt/t5sdk/aarch64-buildroot-linux-gnu/sysroot/lib/../lib64/:/opt/t5sdk/aarch64-buildroot-linux-gnu/sysroot/usr/lib/../lib64/:/opt/t5sdk/toolchain/bin/../lib/gcc/aarch64-linux-gnu/7.4.1/../../../../aarch64-linux-gnu/lib/:/opt/t5sdk/aarch64-buildroot-linux-gnu/sysroot/lib/:/opt/t5sdk/aarch64-buildroot-linux-gnu/sysroot/usr/lib/]
  ignore line: [COLLECT_GCC_OPTIONS='-mabi=lp64' '-mcpu=cortex-a53' '-v' '-o' 'CMakeFiles/cmTC_77f18.dir/CMakeCCompilerABI.c.o' '-c' '-mlittle-endian']
  ignore line: [Linking C executable cmTC_77f18]
  ignore line: [/usr/bin/cmake -E cmake_link_script CMakeFiles/cmTC_77f18.dir/link.txt --verbose=1]
  ignore line: [/opt/t5sdk/bin/aarch64-linux-gnu-gcc --sysroot=/opt/t5sdk/aarch64-buildroot-linux-gnu/sysroot     -v CMakeFiles/cmTC_77f18.dir/CMakeCCompilerABI.c.o  -o cmTC_77f18 ]
  ignore line: [Using built-in specs.]
  ignore line: [COLLECT_GCC=/opt/t5sdk/toolchain/bin/aarch64-linux-gnu-gcc]
  ignore line: [COLLECT_LTO_WRAPPER=/opt/t5sdk/toolchain/bin/../libexec/gcc/aarch64-linux-gnu/7.4.1/lto-wrapper]
  ignore line: [Target: aarch64-linux-gnu]
  ignore line: [Configured with: '/home/tcwg-buildslave/workspace/tcwg-make-release_1/snapshots/gcc.git~linaro-7.4-2019.02/configure' SHELL=/bin/bash --with-mpc=/home/tcwg-buildslave/workspace/tcwg-make-release_1/_build/builds/destdir/x86_64-unknown-linux-gnu --with-mpfr=/home/tcwg-buildslave/workspace/tcwg-make-release_1/_build/builds/destdir/x86_64-unknown-linux-gnu --with-gmp=/home/tcwg-buildslave/workspace/tcwg-make-release_1/_build/builds/destdir/x86_64-unknown-linux-gnu --with-gnu-as --with-gnu-ld --disable-libmudflap --enable-lto --enable-shared --without-included-gettext --enable-nls --with-system-zlib --disable-sjlj-exceptions --enable-gnu-unique-object --enable-linker-build-id --disable-libstdcxx-pch --enable-c99 --enable-clocale=gnu --enable-libstdcxx-debug --enable-long-long --with-cloog=no --with-ppl=no --with-isl=no --disable-multilib --enable-fix-cortex-a53-835769 --enable-fix-cortex-a53-843419 --with-arch=armv8-a --enable-threads=posix --enable-multiarch --enable-libstdcxx-time=yes --enable-gnu-indirect-function --with-build-sysroot=/home/tcwg-buildslave/workspace/tcwg-make-release_1/_build/sysroots/aarch64-linux-gnu --with-sysroot=/home/tcwg-buildslave/workspace/tcwg-make-release_1/_build/builds/destdir/x86_64-unknown-linux-gnu/aarch64-linux-gnu/libc --enable-checking=release --disable-bootstrap --enable-languages=c,c++,fortran,lto --build=x86_64-unknown-linux-gnu --host=x86_64-unknown-linux-gnu --target=aarch64-linux-gnu --prefix=/home/tcwg-buildslave/workspace/tcwg-make-release_1/_build/builds/destdir/x86_64-unknown-linux-gnu]
  ignore line: [Thread model: posix]
  ignore line: [gcc version 7.4.1 20181213 [linaro-7.4-2019.02 revision 56ec6f6b99cc167ff0c2f8e1a2eed33b1edc85d4] (Linaro GCC 7.4-2019.02) ]
  ignore line: [COMPILER_PATH=/opt/t5sdk/toolchain/bin/../libexec/gcc/aarch64-linux-gnu/7.4.1/:/opt/t5sdk/toolchain/bin/../libexec/gcc/aarch64-linux-gnu/:/opt/t5sdk/toolchain/bin/../libexec/gcc/:/opt/t5sdk/toolchain/bin/../lib/gcc/aarch64-linux-gnu/7.4.1/../../../../aarch64-linux-gnu/bin/]
  ignore line: [LIBRARY_PATH=/opt/t5sdk/toolchain/bin/../lib/gcc/aarch64-linux-gnu/7.4.1/:/opt/t5sdk/toolchain/bin/../lib/gcc/aarch64-linux-gnu/:/opt/t5sdk/toolchain/bin/../lib/gcc/:/opt/t5sdk/toolchain/bin/../lib/gcc/aarch64-linux-gnu/7.4.1/../../../../aarch64-linux-gnu/lib/../lib64/:/opt/t5sdk/aarch64-buildroot-linux-gnu/sysroot/lib/../lib64/:/opt/t5sdk/aarch64-buildroot-linux-gnu/sysroot/usr/lib/../lib64/:/opt/t5sdk/toolchain/bin/../lib/gcc/aarch64-linux-gnu/7.4.1/../../../../aarch64-linux-gnu/lib/:/opt/t5sdk/aarch64-buildroot-linux-gnu/sysroot/lib/:/opt/t5sdk/aarch64-buildroot-linux-gnu/sysroot/usr/lib/]
  ignore line: [COLLECT_GCC_OPTIONS='-mabi=lp64' '-mcpu=cortex-a53' '-v' '-o' 'cmTC_77f18' '-mlittle-endian']
  link line: [ /opt/t5sdk/toolchain/bin/../libexec/gcc/aarch64-linux-gnu/7.4.1/collect2 -plugin /opt/t5sdk/toolchain/bin/../libexec/gcc/aarch64-linux-gnu/7.4.1/liblto_plugin.so -plugin-opt=/opt/t5sdk/toolchain/bin/../libexec/gcc/aarch64-linux-gnu/7.4.1/lto-wrapper -plugin-opt=-fresolution=/tmp/cc6mLXip.res -plugin-opt=-pass-through=-lgcc -plugin-opt=-pass-through=-lgcc_s -plugin-opt=-pass-through=-lc -plugin-opt=-pass-through=-lgcc -plugin-opt=-pass-through=-lgcc_s --sysroot=/opt/t5sdk/aarch64-buildroot-linux-gnu/sysroot --build-id --eh-frame-hdr -dynamic-linker /lib/ld-linux-aarch64.so.1 -X -EL -maarch64linux --fix-cortex-a53-835769 --fix-cortex-a53-843419 -o cmTC_77f18 /opt/t5sdk/aarch64-buildroot-linux-gnu/sysroot/usr/lib/../lib64/crt1.o /opt/t5sdk/aarch64-buildroot-linux-gnu/sysroot/usr/lib/../lib64/crti.o /opt/t5sdk/toolchain/bin/../lib/gcc/aarch64-linux-gnu/7.4.1/crtbegin.o -L/opt/t5sdk/toolchain/bin/../lib/gcc/aarch64-linux-gnu/7.4.1 -L/opt/t5sdk/toolchain/bin/../lib/gcc/aarch64-linux-gnu -L/opt/t5sdk/toolchain/bin/../lib/gcc -L/opt/t5sdk/toolchain/bin/../lib/gcc/aarch64-linux-gnu/7.4.1/../../../../aarch64-linux-gnu/lib/../lib64 -L/opt/t5sdk/aarch64-buildroot-linux-gnu/sysroot/lib/../lib64 -L/opt/t5sdk/aarch64-buildroot-linux-gnu/sysroot/usr/lib/../lib64 -L/opt/t5sdk/toolchain/bin/../lib/gcc/aarch64-linux-gnu/7.4.1/../../../../aarch64-linux-gnu/lib -L/opt/t5sdk/aarch64-buildroot-linux-gnu/sysroot/lib -L/opt/t5sdk/aarch64-buildroot-linux-gnu/sysroot/usr/lib CMakeFiles/cmTC_77f18.dir/CMakeCCompilerABI.c.o -lgcc --as-needed -lgcc_s --no-as-needed -lc -lgcc --as-needed -lgcc_s --no-as-needed /opt/t5sdk/toolchain/bin/../lib/gcc/aarch64-linux-gnu/7.4.1/crtend.o /opt/t5sdk/aarch64-buildroot-linux-gnu/sysroot/usr/lib/../lib64/crtn.o]
    arg [/opt/t5sdk/toolchain/bin/../libexec/gcc/aarch64-linux-gnu/7.4.1/collect2] ==> ignore
    arg [-plugin] ==> ignore
    arg [/opt/t5sdk/toolchain/bin/../libexec/gcc/aarch64-linux-gnu/7.4.1/liblto_plugin.so] ==> ignore
    arg [-plugin-opt=/opt/t5sdk/toolchain/bin/../libexec/gcc/aarch64-linux-gnu/7.4.1/lto-wrapper] ==> ignore
    arg [-plugin-opt=-fresolution=/tmp/cc6mLXip.res] ==> ignore
    arg [-plugin-opt=-pass-through=-lgcc] ==> ignore
    arg [-plugin-opt=-pass-through=-lgcc_s] ==> ignore
    arg [-plugin-opt=-pass-through=-lc] ==> ignore
    arg [-plugin-opt=-pass-through=-lgcc] ==> ignore
    arg [-plugin-opt=-pass-through=-lgcc_s] ==> ignore
    arg [--sysroot=/opt/t5sdk/aarch64-buildroot-linux-gnu/sysroot] ==> ignore
    arg [--build-id] ==> ignore
    arg [--eh-frame-hdr] ==> ignore
    arg [-dynamic-linker] ==> ignore
    arg [/lib/ld-linux-aarch64.so.1] ==> ignore
    arg [-X] ==> ignore
    arg [-EL] ==> ignore
    arg [-maarch64linux] ==> ignore
    arg [--fix-cortex-a53-835769] ==> ignore
    arg [--fix-cortex-a53-843419] ==> ignore
    arg [-o] ==> ignore
    arg [cmTC_77f18] ==> ignore
    arg [/opt/t5sdk/aarch64-buildroot-linux-gnu/sysroot/usr/lib/../lib64/crt1.o] ==> ignore
    arg [/opt/t5sdk/aarch64-buildroot-linux-gnu/sysroot/usr/lib/../lib64/crti.o] ==> ignore
    arg [/opt/t5sdk/toolchain/bin/../lib/gcc/aarch64-linux-gnu/7.4.1/crtbegin.o] ==> ignore
    arg [-L/opt/t5sdk/toolchain/bin/../lib/gcc/aarch64-linux-gnu/7.4.1] ==> dir [/opt/t5sdk/toolchain/bin/../lib/gcc/aarch64-linux-gnu/7.4.1]
    arg [-L/opt/t5sdk/toolchain/bin/../lib/gcc/aarch64-linux-gnu] ==> dir [/opt/t5sdk/toolchain/bin/../lib/gcc/aarch64-linux-gnu]
    arg [-L/opt/t5sdk/toolchain/bin/../lib/gcc] ==> dir [/opt/t5sdk/toolchain/bin/../lib/gcc]
    arg [-L/opt/t5sdk/toolchain/bin/../lib/gcc/aarch64-linux-gnu/7.4.1/../../../../aarch64-linux-gnu/lib/../lib64] ==> dir [/opt/t5sdk/toolchain/bin/../lib/gcc/aarch64-linux-gnu/7.4.1/../../../../aarch64-linux-gnu/lib/../lib64]
    arg [-L/opt/t5sdk/aarch64-buildroot-linux-gnu/sysroot/lib/../lib64] ==> dir [/opt/t5sdk/aarch64-buildroot-linux-gnu/sysroot/lib/../lib64]
    arg [-L/opt/t5sdk/aarch64-buildroot-linux-gnu/sysroot/usr/lib/../lib64] ==> dir [/opt/t5sdk/aarch64-buildroot-linux-gnu/sysroot/usr/lib/../lib64]
    arg [-L/opt/t5sdk/toolchain/bin/../lib/gcc/aarch64-linux-gnu/7.4.1/../../../../aarch64-linux-gnu/lib] ==> dir [/opt/t5sdk/toolchain/bin/../lib/gcc/aarch64-linux-gnu/7.4.1/../../../../aarch64-linux-gnu/lib]
    arg [-L/opt/t5sdk/aarch64-buildroot-linux-gnu/sysroot/lib] ==> dir [/opt/t5sdk/aarch64-buildroot-linux-gnu/sysroot/lib]
    arg [-L/opt/t5sdk/aarch64-buildroot-linux-gnu/sysroot/usr/lib] ==> dir [/opt/t5sdk/aarch64-buildroot-linux-gnu/sysroot/usr/lib]
    arg [CMakeFiles/cmTC_77f18.dir/CMakeCCompilerABI.c.o] ==> ignore
    arg [-lgcc] ==> lib [gcc]
    arg [--as-needed] ==> ignore
    arg [-lgcc_s] ==> lib [gcc_s]
    arg [--no-as-needed] ==> ignore
    arg [-lc] ==> lib [c]
    arg [-lgcc] ==> lib [gcc]
    arg [--as-needed] ==> ignore
    arg [-lgcc_s] ==> lib [gcc_s]
    arg [--no-as-needed] ==> ignore
    arg [/opt/t5sdk/toolchain/bin/../lib/gcc/aarch64-linux-gnu/7.4.1/crtend.o] ==> ignore
    arg [/opt/t5sdk/aarch64-buildroot-linux-gnu/sysroot/usr/lib/../lib64/crtn.o] ==> ignore
  collapse library dir [/opt/t5sdk/toolchain/bin/../lib/gcc/aarch64-linux-gnu/7.4.1] ==> [/opt/t5sdk/toolchain/lib/gcc/aarch64-linux-gnu/7.4.1]
  collapse library dir [/opt/t5sdk/toolchain/bin/../lib/gcc/aarch64-linux-gnu] ==> [/opt/t5sdk/toolchain/lib/gcc/aarch64-linux-gnu]
  collapse library dir [/opt/t5sdk/toolchain/bin/../lib/gcc] ==> [/opt/t5sdk/toolchain/lib/gcc]
  collapse library dir [/opt/t5sdk/toolchain/bin/../lib/gcc/aarch64-linux-gnu/7.4.1/../../../../aarch64-linux-gnu/lib/../lib64] ==> [/opt/t5sdk/toolchain/aarch64-linux-gnu/lib64]
  collapse library dir [/opt/t5sdk/aarch64-buildroot-linux-gnu/sysroot/lib/../lib64] ==> [/opt/t5sdk/aarch64-buildroot-linux-gnu/sysroot/lib64]
  collapse library dir [/opt/t5sdk/aarch64-buildroot-linux-gnu/sysroot/usr/lib/../lib64] ==> [/opt/t5sdk/aarch64-buildroot-linux-gnu/sysroot/usr/lib64]
  collapse library dir [/opt/t5sdk/toolchain/bin/../lib/gcc/aarch64-linux-gnu/7.4.1/../../../../aarch64-linux-gnu/lib] ==> [/opt/t5sdk/toolchain/aarch64-linux-gnu/lib]
  collapse library dir [/opt/t5sdk/aarch64-buildroot-linux-gnu/sysroot/lib] ==> [/opt/t5sdk/aarch64-buildroot-linux-gnu/sysroot/lib]
  collapse library dir [/opt/t5sdk/aarch64-buildroot-linux-gnu/sysroot/usr/lib] ==> [/opt/t5sdk/aarch64-buildroot-linux-gnu/sysroot/usr/lib]
  implicit libs: [gcc;gcc_s;c;gcc;gcc_s]
  implicit dirs: [/opt/t5sdk/toolchain/lib/gcc/aarch64-linux-gnu/7.4.1;/opt/t5sdk/toolchain/lib/gcc/aarch64-linux-gnu;/opt/t5sdk/toolchain/lib/gcc;/opt/t5sdk/toolchain/aarch64-linux-gnu/lib64;/opt/t5sdk/aarch64-buildroot-linux-gnu/sysroot/lib64;/opt/t5sdk/aarch64-buildroot-linux-gnu/sysroot/usr/lib64;/opt/t5sdk/toolchain/aarch64-linux-gnu/lib;/opt/t5sdk/aarch64-buildroot-linux-gnu/sysroot/lib;/opt/t5sdk/aarch64-buildroot-linux-gnu/sysroot/usr/lib]
  implicit fwks: []


Determining if the CXX compiler works passed with the following output:
Change Dir: /mnt/a57a7843-7ae2-415a-9125-4c61fa4163d9/claud_prj/Awtk_3rd_library/build/CMakeFiles/CMakeTmp

Run Build Command(s):/usr/bin/make cmTC_87faf/fast && /usr/bin/make -f CMakeFiles/cmTC_87faf.dir/build.make CMakeFiles/cmTC_87faf.dir/build
make[1]: 进入目录“/mnt/a57a7843-7ae2-415a-9125-4c61fa4163d9/claud_prj/Awtk_3rd_library/build/CMakeFiles/CMakeTmp”
Building CXX object CMakeFiles/cmTC_87faf.dir/testCXXCompiler.cxx.o
/opt/t5sdk/bin/aarch64-linux-gnu-g++ --sysroot=/opt/t5sdk/aarch64-buildroot-linux-gnu/sysroot     -o CMakeFiles/cmTC_87faf.dir/testCXXCompiler.cxx.o -c /mnt/a57a7843-7ae2-415a-9125-4c61fa4163d9/claud_prj/Awtk_3rd_library/build/CMakeFiles/CMakeTmp/testCXXCompiler.cxx
Linking CXX executable cmTC_87faf
/usr/bin/cmake -E cmake_link_script CMakeFiles/cmTC_87faf.dir/link.txt --verbose=1
/opt/t5sdk/bin/aarch64-linux-gnu-g++ --sysroot=/opt/t5sdk/aarch64-buildroot-linux-gnu/sysroot       CMakeFiles/cmTC_87faf.dir/testCXXCompiler.cxx.o  -o cmTC_87faf 
make[1]: 离开目录“/mnt/a57a7843-7ae2-415a-9125-4c61fa4163d9/claud_prj/Awtk_3rd_library/build/CMakeFiles/CMakeTmp”



Detecting CXX compiler ABI info compiled with the following output:
Change Dir: /mnt/a57a7843-7ae2-415a-9125-4c61fa4163d9/claud_prj/Awtk_3rd_library/build/CMakeFiles/CMakeTmp

Run Build Command(s):/usr/bin/make cmTC_9da20/fast && /usr/bin/make -f CMakeFiles/cmTC_9da20.dir/build.make CMakeFiles/cmTC_9da20.dir/build
make[1]: Entering directory '/mnt/a57a7843-7ae2-415a-9125-4c61fa4163d9/claud_prj/Awtk_3rd_library/build/CMakeFiles/CMakeTmp'
Building CXX object CMakeFiles/cmTC_9da20.dir/CMakeCXXCompilerABI.cpp.o
/opt/t5sdk/bin/aarch64-linux-gnu-g++ --sysroot=/opt/t5sdk/aarch64-buildroot-linux-gnu/sysroot    -v -o CMakeFiles/cmTC_9da20.dir/CMakeCXXCompilerABI.cpp.o -c /usr/share/cmake-3.16/Modules/CMakeCXXCompilerABI.cpp
Using built-in specs.
COLLECT_GCC=/opt/t5sdk/toolchain/bin/aarch64-linux-gnu-g++
Target: aarch64-linux-gnu
Configured with: '/home/tcwg-buildslave/workspace/tcwg-make-release_1/snapshots/gcc.git~linaro-7.4-2019.02/configure' SHELL=/bin/bash --with-mpc=/home/tcwg-buildslave/workspace/tcwg-make-release_1/_build/builds/destdir/x86_64-unknown-linux-gnu --with-mpfr=/home/tcwg-buildslave/workspace/tcwg-make-release_1/_build/builds/destdir/x86_64-unknown-linux-gnu --with-gmp=/home/tcwg-buildslave/workspace/tcwg-make-release_1/_build/builds/destdir/x86_64-unknown-linux-gnu --with-gnu-as --with-gnu-ld --disable-libmudflap --enable-lto --enable-shared --without-included-gettext --enable-nls --with-system-zlib --disable-sjlj-exceptions --enable-gnu-unique-object --enable-linker-build-id --disable-libstdcxx-pch --enable-c99 --enable-clocale=gnu --enable-libstdcxx-debug --enable-long-long --with-cloog=no --with-ppl=no --with-isl=no --disable-multilib --enable-fix-cortex-a53-835769 --enable-fix-cortex-a53-843419 --with-arch=armv8-a --enable-threads=posix --enable-multiarch --enable-libstdcxx-time=yes --enable-gnu-indirect-function --with-build-sysroot=/home/tcwg-buildslave/workspace/tcwg-make-release_1/_build/sysroots/aarch64-linux-gnu --with-sysroot=/home/tcwg-buildslave/workspace/tcwg-make-release_1/_build/builds/destdir/x86_64-unknown-linux-gnu/aarch64-linux-gnu/libc --enable-checking=release --disable-bootstrap --enable-languages=c,c++,fortran,lto --build=x86_64-unknown-linux-gnu --host=x86_64-unknown-linux-gnu --target=aarch64-linux-gnu --prefix=/home/tcwg-buildslave/workspace/tcwg-make-release_1/_build/builds/destdir/x86_64-unknown-linux-gnu
Thread model: posix
gcc version 7.4.1 20181213 [linaro-7.4-2019.02 revision 56ec6f6b99cc167ff0c2f8e1a2eed33b1edc85d4] (Linaro GCC 7.4-2019.02) 
COLLECT_GCC_OPTIONS='-mabi=lp64' '-mcpu=cortex-a53' '-v' '-o' 'CMakeFiles/cmTC_9da20.dir/CMakeCXXCompilerABI.cpp.o' '-c' '-shared-libgcc' '-mlittle-endian'
 /opt/t5sdk/toolchain/bin/../libexec/gcc/aarch64-linux-gnu/7.4.1/cc1plus -quiet -v -imultiarch aarch64-linux-gnu -iprefix /opt/t5sdk/toolchain/bin/../lib/gcc/aarch64-linux-gnu/7.4.1/ -isysroot /opt/t5sdk/aarch64-buildroot-linux-gnu/sysroot -D_GNU_SOURCE /usr/share/cmake-3.16/Modules/CMakeCXXCompilerABI.cpp -quiet -dumpbase CMakeCXXCompilerABI.cpp -mabi=lp64 -mcpu=cortex-a53 -mlittle-endian -auxbase-strip CMakeFiles/cmTC_9da20.dir/CMakeCXXCompilerABI.cpp.o -version -o /tmp/ccKPF0WT.s
GNU C++14 (Linaro GCC 7.4-2019.02) version 7.4.1 20181213 [linaro-7.4-2019.02 revision 56ec6f6b99cc167ff0c2f8e1a2eed33b1edc85d4] (aarch64-linux-gnu)
	compiled by GNU C version 4.8.4, GMP version 6.1.2, MPFR version 3.1.5, MPC version 1.0.3, isl version none
GGC heuristics: --param ggc-min-expand=100 --param ggc-min-heapsize=131072
ignoring duplicate directory "/opt/t5sdk/toolchain/bin/../lib/gcc/../../lib/gcc/aarch64-linux-gnu/7.4.1/../../../../aarch64-linux-gnu/include/c++/7.4.1"
ignoring duplicate directory "/opt/t5sdk/toolchain/bin/../lib/gcc/../../lib/gcc/aarch64-linux-gnu/7.4.1/../../../../aarch64-linux-gnu/include/c++/7.4.1/aarch64-linux-gnu"
ignoring duplicate directory "/opt/t5sdk/toolchain/bin/../lib/gcc/../../lib/gcc/aarch64-linux-gnu/7.4.1/../../../../aarch64-linux-gnu/include/c++/7.4.1/backward"
ignoring duplicate directory "/opt/t5sdk/toolchain/bin/../lib/gcc/../../lib/gcc/aarch64-linux-gnu/7.4.1/include"
ignoring nonexistent directory "/opt/t5sdk/aarch64-buildroot-linux-gnu/sysroot/usr/local/include/aarch64-linux-gnu"
ignoring nonexistent directory "/opt/t5sdk/aarch64-buildroot-linux-gnu/sysroot/usr/local/include"
ignoring duplicate directory "/opt/t5sdk/toolchain/bin/../lib/gcc/../../lib/gcc/aarch64-linux-gnu/7.4.1/include-fixed"
ignoring duplicate directory "/opt/t5sdk/toolchain/bin/../lib/gcc/../../lib/gcc/aarch64-linux-gnu/7.4.1/../../../../aarch64-linux-gnu/include"
ignoring nonexistent directory "/opt/t5sdk/aarch64-buildroot-linux-gnu/sysroot/usr/include/aarch64-linux-gnu"
#include "..." search starts here:
#include <...> search starts here:
 /opt/t5sdk/toolchain/bin/../lib/gcc/aarch64-linux-gnu/7.4.1/../../../../aarch64-linux-gnu/include/c++/7.4.1
 /opt/t5sdk/toolchain/bin/../lib/gcc/aarch64-linux-gnu/7.4.1/../../../../aarch64-linux-gnu/include/c++/7.4.1/aarch64-linux-gnu
 /opt/t5sdk/toolchain/bin/../lib/gcc/aarch64-linux-gnu/7.4.1/../../../../aarch64-linux-gnu/include/c++/7.4.1/backward
 /opt/t5sdk/toolchain/bin/../lib/gcc/aarch64-linux-gnu/7.4.1/include
 /opt/t5sdk/toolchain/bin/../lib/gcc/aarch64-linux-gnu/7.4.1/include-fixed
 /opt/t5sdk/toolchain/bin/../lib/gcc/aarch64-linux-gnu/7.4.1/../../../../aarch64-linux-gnu/include
 /opt/t5sdk/aarch64-buildroot-linux-gnu/sysroot/usr/include
End of search list.
GNU C++14 (Linaro GCC 7.4-2019.02) version 7.4.1 20181213 [linaro-7.4-2019.02 revision 56ec6f6b99cc167ff0c2f8e1a2eed33b1edc85d4] (aarch64-linux-gnu)
	compiled by GNU C version 4.8.4, GMP version 6.1.2, MPFR version 3.1.5, MPC version 1.0.3, isl version none
GGC heuristics: --param ggc-min-expand=100 --param ggc-min-heapsize=131072
Compiler executable checksum: 5bc4618e0c2d849baa077d33db030361
COLLECT_GCC_OPTIONS='-mabi=lp64' '-mcpu=cortex-a53' '-v' '-o' 'CMakeFiles/cmTC_9da20.dir/CMakeCXXCompilerABI.cpp.o' '-c' '-shared-libgcc' '-mlittle-endian'
 /opt/t5sdk/toolchain/bin/../lib/gcc/aarch64-linux-gnu/7.4.1/../../../../aarch64-linux-gnu/bin/as -v -EL -march=armv8-a+crc -mabi=lp64 -o CMakeFiles/cmTC_9da20.dir/CMakeCXXCompilerABI.cpp.o /tmp/ccKPF0WT.s
GNU assembler version 2.28.2 (aarch64-linux-gnu) using BFD version (Linaro_Binutils-2019.02) 2.28.2.20170706
COMPILER_PATH=/opt/t5sdk/toolchain/bin/../libexec/gcc/aarch64-linux-gnu/7.4.1/:/opt/t5sdk/toolchain/bin/../libexec/gcc/aarch64-linux-gnu/:/opt/t5sdk/toolchain/bin/../libexec/gcc/:/opt/t5sdk/toolchain/bin/../lib/gcc/aarch64-linux-gnu/7.4.1/../../../../aarch64-linux-gnu/bin/
LIBRARY_PATH=/opt/t5sdk/toolchain/bin/../lib/gcc/aarch64-linux-gnu/7.4.1/:/opt/t5sdk/toolchain/bin/../lib/gcc/aarch64-linux-gnu/:/opt/t5sdk/toolchain/bin/../lib/gcc/:/opt/t5sdk/toolchain/bin/../lib/gcc/aarch64-linux-gnu/7.4.1/../../../../aarch64-linux-gnu/lib/../lib64/:/opt/t5sdk/aarch64-buildroot-linux-gnu/sysroot/lib/../lib64/:/opt/t5sdk/aarch64-buildroot-linux-gnu/sysroot/usr/lib/../lib64/:/opt/t5sdk/toolchain/bin/../lib/gcc/aarch64-linux-gnu/7.4.1/../../../../aarch64-linux-gnu/lib/:/opt/t5sdk/aarch64-buildroot-linux-gnu/sysroot/lib/:/opt/t5sdk/aarch64-buildroot-linux-gnu/sysroot/usr/lib/
COLLECT_GCC_OPTIONS='-mabi=lp64' '-mcpu=cortex-a53' '-v' '-o' 'CMakeFiles/cmTC_9da20.dir/CMakeCXXCompilerABI.cpp.o' '-c' '-shared-libgcc' '-mlittle-endian'
Linking CXX executable cmTC_9da20
/usr/bin/cmake -E cmake_link_script CMakeFiles/cmTC_9da20.dir/link.txt --verbose=1
/opt/t5sdk/bin/aarch64-linux-gnu-g++ --sysroot=/opt/t5sdk/aarch64-buildroot-linux-gnu/sysroot      -v CMakeFiles/cmTC_9da20.dir/CMakeCXXCompilerABI.cpp.o  -o cmTC_9da20 
Using built-in specs.
COLLECT_GCC=/opt/t5sdk/toolchain/bin/aarch64-linux-gnu-g++
COLLECT_LTO_WRAPPER=/opt/t5sdk/toolchain/bin/../libexec/gcc/aarch64-linux-gnu/7.4.1/lto-wrapper
Target: aarch64-linux-gnu
Configured with: '/home/tcwg-buildslave/workspace/tcwg-make-release_1/snapshots/gcc.git~linaro-7.4-2019.02/configure' SHELL=/bin/bash --with-mpc=/home/tcwg-buildslave/workspace/tcwg-make-release_1/_build/builds/destdir/x86_64-unknown-linux-gnu --with-mpfr=/home/tcwg-buildslave/workspace/tcwg-make-release_1/_build/builds/destdir/x86_64-unknown-linux-gnu --with-gmp=/home/tcwg-buildslave/workspace/tcwg-make-release_1/_build/builds/destdir/x86_64-unknown-linux-gnu --with-gnu-as --with-gnu-ld --disable-libmudflap --enable-lto --enable-shared --without-included-gettext --enable-nls --with-system-zlib --disable-sjlj-exceptions --enable-gnu-unique-object --enable-linker-build-id --disable-libstdcxx-pch --enable-c99 --enable-clocale=gnu --enable-libstdcxx-debug --enable-long-long --with-cloog=no --with-ppl=no --with-isl=no --disable-multilib --enable-fix-cortex-a53-835769 --enable-fix-cortex-a53-843419 --with-arch=armv8-a --enable-threads=posix --enable-multiarch --enable-libstdcxx-time=yes --enable-gnu-indirect-function --with-build-sysroot=/home/tcwg-buildslave/workspace/tcwg-make-release_1/_build/sysroots/aarch64-linux-gnu --with-sysroot=/home/tcwg-buildslave/workspace/tcwg-make-release_1/_build/builds/destdir/x86_64-unknown-linux-gnu/aarch64-linux-gnu/libc --enable-checking=release --disable-bootstrap --enable-languages=c,c++,fortran,lto --build=x86_64-unknown-linux-gnu --host=x86_64-unknown-linux-gnu --target=aarch64-linux-gnu --prefix=/home/tcwg-buildslave/workspace/tcwg-make-release_1/_build/builds/destdir/x86_64-unknown-linux-gnu
Thread model: posix
gcc version 7.4.1 20181213 [linaro-7.4-2019.02 revision 56ec6f6b99cc167ff0c2f8e1a2eed33b1edc85d4] (Linaro GCC 7.4-2019.02) 
COMPILER_PATH=/opt/t5sdk/toolchain/bin/../libexec/gcc/aarch64-linux-gnu/7.4.1/:/opt/t5sdk/toolchain/bin/../libexec/gcc/aarch64-linux-gnu/:/opt/t5sdk/toolchain/bin/../libexec/gcc/:/opt/t5sdk/toolchain/bin/../lib/gcc/aarch64-linux-gnu/7.4.1/../../../../aarch64-linux-gnu/bin/
LIBRARY_PATH=/opt/t5sdk/toolchain/bin/../lib/gcc/aarch64-linux-gnu/7.4.1/:/opt/t5sdk/toolchain/bin/../lib/gcc/aarch64-linux-gnu/:/opt/t5sdk/toolchain/bin/../lib/gcc/:/opt/t5sdk/toolchain/bin/../lib/gcc/aarch64-linux-gnu/7.4.1/../../../../aarch64-linux-gnu/lib/../lib64/:/opt/t5sdk/aarch64-buildroot-linux-gnu/sysroot/lib/../lib64/:/opt/t5sdk/aarch64-buildroot-linux-gnu/sysroot/usr/lib/../lib64/:/opt/t5sdk/toolchain/bin/../lib/gcc/aarch64-linux-gnu/7.4.1/../../../../aarch64-linux-gnu/lib/:/opt/t5sdk/aarch64-buildroot-linux-gnu/sysroot/lib/:/opt/t5sdk/aarch64-buildroot-linux-gnu/sysroot/usr/lib/
COLLECT_GCC_OPTIONS='-mabi=lp64' '-mcpu=cortex-a53' '-v' '-o' 'cmTC_9da20' '-shared-libgcc' '-mlittle-endian'
 /opt/t5sdk/toolchain/bin/../libexec/gcc/aarch64-linux-gnu/7.4.1/collect2 -plugin /opt/t5sdk/toolchain/bin/../libexec/gcc/aarch64-linux-gnu/7.4.1/liblto_plugin.so -plugin-opt=/opt/t5sdk/toolchain/bin/../libexec/gcc/aarch64-linux-gnu/7.4.1/lto-wrapper -plugin-opt=-fresolution=/tmp/ccOh8yTM.res -plugin-opt=-pass-through=-lgcc_s -plugin-opt=-pass-through=-lgcc -plugin-opt=-pass-through=-lc -plugin-opt=-pass-through=-lgcc_s -plugin-opt=-pass-through=-lgcc --sysroot=/opt/t5sdk/aarch64-buildroot-linux-gnu/sysroot --build-id --eh-frame-hdr -dynamic-linker /lib/ld-linux-aarch64.so.1 -X -EL -maarch64linux --fix-cortex-a53-835769 --fix-cortex-a53-843419 -o cmTC_9da20 /opt/t5sdk/aarch64-buildroot-linux-gnu/sysroot/usr/lib/../lib64/crt1.o /opt/t5sdk/aarch64-buildroot-linux-gnu/sysroot/usr/lib/../lib64/crti.o /opt/t5sdk/toolchain/bin/../lib/gcc/aarch64-linux-gnu/7.4.1/crtbegin.o -L/opt/t5sdk/toolchain/bin/../lib/gcc/aarch64-linux-gnu/7.4.1 -L/opt/t5sdk/toolchain/bin/../lib/gcc/aarch64-linux-gnu -L/opt/t5sdk/toolchain/bin/../lib/gcc -L/opt/t5sdk/toolchain/bin/../lib/gcc/aarch64-linux-gnu/7.4.1/../../../../aarch64-linux-gnu/lib/../lib64 -L/opt/t5sdk/aarch64-buildroot-linux-gnu/sysroot/lib/../lib64 -L/opt/t5sdk/aarch64-buildroot-linux-gnu/sysroot/usr/lib/../lib64 -L/opt/t5sdk/toolchain/bin/../lib/gcc/aarch64-linux-gnu/7.4.1/../../../../aarch64-linux-gnu/lib -L/opt/t5sdk/aarch64-buildroot-linux-gnu/sysroot/lib -L/opt/t5sdk/aarch64-buildroot-linux-gnu/sysroot/usr/lib CMakeFiles/cmTC_9da20.dir/CMakeCXXCompilerABI.cpp.o -lstdc++ -lm -lgcc_s -lgcc -lc -lgcc_s -lgcc /opt/t5sdk/toolchain/bin/../lib/gcc/aarch64-linux-gnu/7.4.1/crtend.o /opt/t5sdk/aarch64-buildroot-linux-gnu/sysroot/usr/lib/../lib64/crtn.o
COLLECT_GCC_OPTIONS='-mabi=lp64' '-mcpu=cortex-a53' '-v' '-o' 'cmTC_9da20' '-shared-libgcc' '-mlittle-endian'
make[1]: Leaving directory '/mnt/a57a7843-7ae2-415a-9125-4c61fa4163d9/claud_prj/Awtk_3rd_library/build/CMakeFiles/CMakeTmp'



Parsed CXX implicit include dir info from above output: rv=done
  found start of include info
  found start of implicit include info
    add: [/opt/t5sdk/toolchain/bin/../lib/gcc/aarch64-linux-gnu/7.4.1/../../../../aarch64-linux-gnu/include/c++/7.4.1]
    add: [/opt/t5sdk/toolchain/bin/../lib/gcc/aarch64-linux-gnu/7.4.1/../../../../aarch64-linux-gnu/include/c++/7.4.1/aarch64-linux-gnu]
    add: [/opt/t5sdk/toolchain/bin/../lib/gcc/aarch64-linux-gnu/7.4.1/../../../../aarch64-linux-gnu/include/c++/7.4.1/backward]
    add: [/opt/t5sdk/toolchain/bin/../lib/gcc/aarch64-linux-gnu/7.4.1/include]
    add: [/opt/t5sdk/toolchain/bin/../lib/gcc/aarch64-linux-gnu/7.4.1/include-fixed]
    add: [/opt/t5sdk/toolchain/bin/../lib/gcc/aarch64-linux-gnu/7.4.1/../../../../aarch64-linux-gnu/include]
    add: [/opt/t5sdk/aarch64-buildroot-linux-gnu/sysroot/usr/include]
  end of search list found
  collapse include dir [/opt/t5sdk/toolchain/bin/../lib/gcc/aarch64-linux-gnu/7.4.1/../../../../aarch64-linux-gnu/include/c++/7.4.1] ==> [/opt/t5sdk/toolchain/aarch64-linux-gnu/include/c++/7.4.1]
  collapse include dir [/opt/t5sdk/toolchain/bin/../lib/gcc/aarch64-linux-gnu/7.4.1/../../../../aarch64-linux-gnu/include/c++/7.4.1/aarch64-linux-gnu] ==> [/opt/t5sdk/toolchain/aarch64-linux-gnu/include/c++/7.4.1/aarch64-linux-gnu]
  collapse include dir [/opt/t5sdk/toolchain/bin/../lib/gcc/aarch64-linux-gnu/7.4.1/../../../../aarch64-linux-gnu/include/c++/7.4.1/backward] ==> [/opt/t5sdk/toolchain/aarch64-linux-gnu/include/c++/7.4.1/backward]
  collapse include dir [/opt/t5sdk/toolchain/bin/../lib/gcc/aarch64-linux-gnu/7.4.1/include] ==> [/opt/t5sdk/toolchain/lib/gcc/aarch64-linux-gnu/7.4.1/include]
  collapse include dir [/opt/t5sdk/toolchain/bin/../lib/gcc/aarch64-linux-gnu/7.4.1/include-fixed] ==> [/opt/t5sdk/toolchain/lib/gcc/aarch64-linux-gnu/7.4.1/include-fixed]
  collapse include dir [/opt/t5sdk/toolchain/bin/../lib/gcc/aarch64-linux-gnu/7.4.1/../../../../aarch64-linux-gnu/include] ==> [/opt/t5sdk/toolchain/aarch64-linux-gnu/include]
  collapse include dir [/opt/t5sdk/aarch64-buildroot-linux-gnu/sysroot/usr/include] ==> [/opt/t5sdk/aarch64-buildroot-linux-gnu/sysroot/usr/include]
  implicit include dirs: [/opt/t5sdk/toolchain/aarch64-linux-gnu/include/c++/7.4.1;/opt/t5sdk/toolchain/aarch64-linux-gnu/include/c++/7.4.1/aarch64-linux-gnu;/opt/t5sdk/toolchain/aarch64-linux-gnu/include/c++/7.4.1/backward;/opt/t5sdk/toolchain/lib/gcc/aarch64-linux-gnu/7.4.1/include;/opt/t5sdk/toolchain/lib/gcc/aarch64-linux-gnu/7.4.1/include-fixed;/opt/t5sdk/toolchain/aarch64-linux-gnu/include;/opt/t5sdk/aarch64-buildroot-linux-gnu/sysroot/usr/include]


Parsed CXX implicit link information from above output:
  link line regex: [^( *|.*[/\])(aarch64-linux-gnu-ld|CMAKE_LINK_STARTFILE-NOTFOUND|([^/\]+-)?ld|collect2)[^/\]*( |$)]
  ignore line: [Change Dir: /mnt/a57a7843-7ae2-415a-9125-4c61fa4163d9/claud_prj/Awtk_3rd_library/build/CMakeFiles/CMakeTmp]
  ignore line: []
  ignore line: [Run Build Command(s):/usr/bin/make cmTC_9da20/fast && /usr/bin/make -f CMakeFiles/cmTC_9da20.dir/build.make CMakeFiles/cmTC_9da20.dir/build]
  ignore line: [make[1]: Entering directory '/mnt/a57a7843-7ae2-415a-9125-4c61fa4163d9/claud_prj/Awtk_3rd_library/build/CMakeFiles/CMakeTmp']
  ignore line: [Building CXX object CMakeFiles/cmTC_9da20.dir/CMakeCXXCompilerABI.cpp.o]
  ignore line: [/opt/t5sdk/bin/aarch64-linux-gnu-g++ --sysroot=/opt/t5sdk/aarch64-buildroot-linux-gnu/sysroot    -v -o CMakeFiles/cmTC_9da20.dir/CMakeCXXCompilerABI.cpp.o -c /usr/share/cmake-3.16/Modules/CMakeCXXCompilerABI.cpp]
  ignore line: [Using built-in specs.]
  ignore line: [COLLECT_GCC=/opt/t5sdk/toolchain/bin/aarch64-linux-gnu-g++]
  ignore line: [Target: aarch64-linux-gnu]
  ignore line: [Configured with: '/home/tcwg-buildslave/workspace/tcwg-make-release_1/snapshots/gcc.git~linaro-7.4-2019.02/configure' SHELL=/bin/bash --with-mpc=/home/tcwg-buildslave/workspace/tcwg-make-release_1/_build/builds/destdir/x86_64-unknown-linux-gnu --with-mpfr=/home/tcwg-buildslave/workspace/tcwg-make-release_1/_build/builds/destdir/x86_64-unknown-linux-gnu --with-gmp=/home/tcwg-buildslave/workspace/tcwg-make-release_1/_build/builds/destdir/x86_64-unknown-linux-gnu --with-gnu-as --with-gnu-ld --disable-libmudflap --enable-lto --enable-shared --without-included-gettext --enable-nls --with-system-zlib --disable-sjlj-exceptions --enable-gnu-unique-object --enable-linker-build-id --disable-libstdcxx-pch --enable-c99 --enable-clocale=gnu --enable-libstdcxx-debug --enable-long-long --with-cloog=no --with-ppl=no --with-isl=no --disable-multilib --enable-fix-cortex-a53-835769 --enable-fix-cortex-a53-843419 --with-arch=armv8-a --enable-threads=posix --enable-multiarch --enable-libstdcxx-time=yes --enable-gnu-indirect-function --with-build-sysroot=/home/tcwg-buildslave/workspace/tcwg-make-release_1/_build/sysroots/aarch64-linux-gnu --with-sysroot=/home/tcwg-buildslave/workspace/tcwg-make-release_1/_build/builds/destdir/x86_64-unknown-linux-gnu/aarch64-linux-gnu/libc --enable-checking=release --disable-bootstrap --enable-languages=c,c++,fortran,lto --build=x86_64-unknown-linux-gnu --host=x86_64-unknown-linux-gnu --target=aarch64-linux-gnu --prefix=/home/tcwg-buildslave/workspace/tcwg-make-release_1/_build/builds/destdir/x86_64-unknown-linux-gnu]
  ignore line: [Thread model: posix]
  ignore line: [gcc version 7.4.1 20181213 [linaro-7.4-2019.02 revision 56ec6f6b99cc167ff0c2f8e1a2eed33b1edc85d4] (Linaro GCC 7.4-2019.02) ]
  ignore line: [COLLECT_GCC_OPTIONS='-mabi=lp64' '-mcpu=cortex-a53' '-v' '-o' 'CMakeFiles/cmTC_9da20.dir/CMakeCXXCompilerABI.cpp.o' '-c' '-shared-libgcc' '-mlittle-endian']
  ignore line: [ /opt/t5sdk/toolchain/bin/../libexec/gcc/aarch64-linux-gnu/7.4.1/cc1plus -quiet -v -imultiarch aarch64-linux-gnu -iprefix /opt/t5sdk/toolchain/bin/../lib/gcc/aarch64-linux-gnu/7.4.1/ -isysroot /opt/t5sdk/aarch64-buildroot-linux-gnu/sysroot -D_GNU_SOURCE /usr/share/cmake-3.16/Modules/CMakeCXXCompilerABI.cpp -quiet -dumpbase CMakeCXXCompilerABI.cpp -mabi=lp64 -mcpu=cortex-a53 -mlittle-endian -auxbase-strip CMakeFiles/cmTC_9da20.dir/CMakeCXXCompilerABI.cpp.o -version -o /tmp/ccKPF0WT.s]
  ignore line: [GNU C++14 (Linaro GCC 7.4-2019.02) version 7.4.1 20181213 [linaro-7.4-2019.02 revision 56ec6f6b99cc167ff0c2f8e1a2eed33b1edc85d4] (aarch64-linux-gnu)]
  ignore line: [	compiled by GNU C version 4.8.4  GMP version 6.1.2  MPFR version 3.1.5  MPC version 1.0.3  isl version none]
  ignore line: [GGC heuristics: --param ggc-min-expand=100 --param ggc-min-heapsize=131072]
  ignore line: [ignoring duplicate directory "/opt/t5sdk/toolchain/bin/../lib/gcc/../../lib/gcc/aarch64-linux-gnu/7.4.1/../../../../aarch64-linux-gnu/include/c++/7.4.1"]
  ignore line: [ignoring duplicate directory "/opt/t5sdk/toolchain/bin/../lib/gcc/../../lib/gcc/aarch64-linux-gnu/7.4.1/../../../../aarch64-linux-gnu/include/c++/7.4.1/aarch64-linux-gnu"]
  ignore line: [ignoring duplicate directory "/opt/t5sdk/toolchain/bin/../lib/gcc/../../lib/gcc/aarch64-linux-gnu/7.4.1/../../../../aarch64-linux-gnu/include/c++/7.4.1/backward"]
  ignore line: [ignoring duplicate directory "/opt/t5sdk/toolchain/bin/../lib/gcc/../../lib/gcc/aarch64-linux-gnu/7.4.1/include"]
  ignore line: [ignoring nonexistent directory "/opt/t5sdk/aarch64-buildroot-linux-gnu/sysroot/usr/local/include/aarch64-linux-gnu"]
  ignore line: [ignoring nonexistent directory "/opt/t5sdk/aarch64-buildroot-linux-gnu/sysroot/usr/local/include"]
  ignore line: [ignoring duplicate directory "/opt/t5sdk/toolchain/bin/../lib/gcc/../../lib/gcc/aarch64-linux-gnu/7.4.1/include-fixed"]
  ignore line: [ignoring duplicate directory "/opt/t5sdk/toolchain/bin/../lib/gcc/../../lib/gcc/aarch64-linux-gnu/7.4.1/../../../../aarch64-linux-gnu/include"]
  ignore line: [ignoring nonexistent directory "/opt/t5sdk/aarch64-buildroot-linux-gnu/sysroot/usr/include/aarch64-linux-gnu"]
  ignore line: [#include "..." search starts here:]
  ignore line: [#include <...> search starts here:]
  ignore line: [ /opt/t5sdk/toolchain/bin/../lib/gcc/aarch64-linux-gnu/7.4.1/../../../../aarch64-linux-gnu/include/c++/7.4.1]
  ignore line: [ /opt/t5sdk/toolchain/bin/../lib/gcc/aarch64-linux-gnu/7.4.1/../../../../aarch64-linux-gnu/include/c++/7.4.1/aarch64-linux-gnu]
  ignore line: [ /opt/t5sdk/toolchain/bin/../lib/gcc/aarch64-linux-gnu/7.4.1/../../../../aarch64-linux-gnu/include/c++/7.4.1/backward]
  ignore line: [ /opt/t5sdk/toolchain/bin/../lib/gcc/aarch64-linux-gnu/7.4.1/include]
  ignore line: [ /opt/t5sdk/toolchain/bin/../lib/gcc/aarch64-linux-gnu/7.4.1/include-fixed]
  ignore line: [ /opt/t5sdk/toolchain/bin/../lib/gcc/aarch64-linux-gnu/7.4.1/../../../../aarch64-linux-gnu/include]
  ignore line: [ /opt/t5sdk/aarch64-buildroot-linux-gnu/sysroot/usr/include]
  ignore line: [End of search list.]
  ignore line: [GNU C++14 (Linaro GCC 7.4-2019.02) version 7.4.1 20181213 [linaro-7.4-2019.02 revision 56ec6f6b99cc167ff0c2f8e1a2eed33b1edc85d4] (aarch64-linux-gnu)]
  ignore line: [	compiled by GNU C version 4.8.4  GMP version 6.1.2  MPFR version 3.1.5  MPC version 1.0.3  isl version none]
  ignore line: [GGC heuristics: --param ggc-min-expand=100 --param ggc-min-heapsize=131072]
  ignore line: [Compiler executable checksum: 5bc4618e0c2d849baa077d33db030361]
  ignore line: [COLLECT_GCC_OPTIONS='-mabi=lp64' '-mcpu=cortex-a53' '-v' '-o' 'CMakeFiles/cmTC_9da20.dir/CMakeCXXCompilerABI.cpp.o' '-c' '-shared-libgcc' '-mlittle-endian']
  ignore line: [ /opt/t5sdk/toolchain/bin/../lib/gcc/aarch64-linux-gnu/7.4.1/../../../../aarch64-linux-gnu/bin/as -v -EL -march=armv8-a+crc -mabi=lp64 -o CMakeFiles/cmTC_9da20.dir/CMakeCXXCompilerABI.cpp.o /tmp/ccKPF0WT.s]
  ignore line: [GNU assembler version 2.28.2 (aarch64-linux-gnu) using BFD version (Linaro_Binutils-2019.02) 2.28.2.20170706]
  ignore line: [COMPILER_PATH=/opt/t5sdk/toolchain/bin/../libexec/gcc/aarch64-linux-gnu/7.4.1/:/opt/t5sdk/toolchain/bin/../libexec/gcc/aarch64-linux-gnu/:/opt/t5sdk/toolchain/bin/../libexec/gcc/:/opt/t5sdk/toolchain/bin/../lib/gcc/aarch64-linux-gnu/7.4.1/../../../../aarch64-linux-gnu/bin/]
  ignore line: [LIBRARY_PATH=/opt/t5sdk/toolchain/bin/../lib/gcc/aarch64-linux-gnu/7.4.1/:/opt/t5sdk/toolchain/bin/../lib/gcc/aarch64-linux-gnu/:/opt/t5sdk/toolchain/bin/../lib/gcc/:/opt/t5sdk/toolchain/bin/../lib/gcc/aarch64-linux-gnu/7.4.1/../../../../aarch64-linux-gnu/lib/../lib64/:/opt/t5sdk/aarch64-buildroot-linux-gnu/sysroot/lib/../lib64/:/opt/t5sdk/aarch64-buildroot-linux-gnu/sysroot/usr/lib/../lib64/:/opt/t5sdk/toolchain/bin/../lib/gcc/aarch64-linux-gnu/7.4.1/../../../../aarch64-linux-gnu/lib/:/opt/t5sdk/aarch64-buildroot-linux-gnu/sysroot/lib/:/opt/t5sdk/aarch64-buildroot-linux-gnu/sysroot/usr/lib/]
  ignore line: [COLLECT_GCC_OPTIONS='-mabi=lp64' '-mcpu=cortex-a53' '-v' '-o' 'CMakeFiles/cmTC_9da20.dir/CMakeCXXCompilerABI.cpp.o' '-c' '-shared-libgcc' '-mlittle-endian']
  ignore line: [Linking CXX executable cmTC_9da20]
  ignore line: [/usr/bin/cmake -E cmake_link_script CMakeFiles/cmTC_9da20.dir/link.txt --verbose=1]
  ignore line: [/opt/t5sdk/bin/aarch64-linux-gnu-g++ --sysroot=/opt/t5sdk/aarch64-buildroot-linux-gnu/sysroot      -v CMakeFiles/cmTC_9da20.dir/CMakeCXXCompilerABI.cpp.o  -o cmTC_9da20 ]
  ignore line: [Using built-in specs.]
  ignore line: [COLLECT_GCC=/opt/t5sdk/toolchain/bin/aarch64-linux-gnu-g++]
  ignore line: [COLLECT_LTO_WRAPPER=/opt/t5sdk/toolchain/bin/../libexec/gcc/aarch64-linux-gnu/7.4.1/lto-wrapper]
  ignore line: [Target: aarch64-linux-gnu]
  ignore line: [Configured with: '/home/tcwg-buildslave/workspace/tcwg-make-release_1/snapshots/gcc.git~linaro-7.4-2019.02/configure' SHELL=/bin/bash --with-mpc=/home/tcwg-buildslave/workspace/tcwg-make-release_1/_build/builds/destdir/x86_64-unknown-linux-gnu --with-mpfr=/home/tcwg-buildslave/workspace/tcwg-make-release_1/_build/builds/destdir/x86_64-unknown-linux-gnu --with-gmp=/home/tcwg-buildslave/workspace/tcwg-make-release_1/_build/builds/destdir/x86_64-unknown-linux-gnu --with-gnu-as --with-gnu-ld --disable-libmudflap --enable-lto --enable-shared --without-included-gettext --enable-nls --with-system-zlib --disable-sjlj-exceptions --enable-gnu-unique-object --enable-linker-build-id --disable-libstdcxx-pch --enable-c99 --enable-clocale=gnu --enable-libstdcxx-debug --enable-long-long --with-cloog=no --with-ppl=no --with-isl=no --disable-multilib --enable-fix-cortex-a53-835769 --enable-fix-cortex-a53-843419 --with-arch=armv8-a --enable-threads=posix --enable-multiarch --enable-libstdcxx-time=yes --enable-gnu-indirect-function --with-build-sysroot=/home/tcwg-buildslave/workspace/tcwg-make-release_1/_build/sysroots/aarch64-linux-gnu --with-sysroot=/home/tcwg-buildslave/workspace/tcwg-make-release_1/_build/builds/destdir/x86_64-unknown-linux-gnu/aarch64-linux-gnu/libc --enable-checking=release --disable-bootstrap --enable-languages=c,c++,fortran,lto --build=x86_64-unknown-linux-gnu --host=x86_64-unknown-linux-gnu --target=aarch64-linux-gnu --prefix=/home/tcwg-buildslave/workspace/tcwg-make-release_1/_build/builds/destdir/x86_64-unknown-linux-gnu]
  ignore line: [Thread model: posix]
  ignore line: [gcc version 7.4.1 20181213 [linaro-7.4-2019.02 revision 56ec6f6b99cc167ff0c2f8e1a2eed33b1edc85d4] (Linaro GCC 7.4-2019.02) ]
  ignore line: [COMPILER_PATH=/opt/t5sdk/toolchain/bin/../libexec/gcc/aarch64-linux-gnu/7.4.1/:/opt/t5sdk/toolchain/bin/../libexec/gcc/aarch64-linux-gnu/:/opt/t5sdk/toolchain/bin/../libexec/gcc/:/opt/t5sdk/toolchain/bin/../lib/gcc/aarch64-linux-gnu/7.4.1/../../../../aarch64-linux-gnu/bin/]
  ignore line: [LIBRARY_PATH=/opt/t5sdk/toolchain/bin/../lib/gcc/aarch64-linux-gnu/7.4.1/:/opt/t5sdk/toolchain/bin/../lib/gcc/aarch64-linux-gnu/:/opt/t5sdk/toolchain/bin/../lib/gcc/:/opt/t5sdk/toolchain/bin/../lib/gcc/aarch64-linux-gnu/7.4.1/../../../../aarch64-linux-gnu/lib/../lib64/:/opt/t5sdk/aarch64-buildroot-linux-gnu/sysroot/lib/../lib64/:/opt/t5sdk/aarch64-buildroot-linux-gnu/sysroot/usr/lib/../lib64/:/opt/t5sdk/toolchain/bin/../lib/gcc/aarch64-linux-gnu/7.4.1/../../../../aarch64-linux-gnu/lib/:/opt/t5sdk/aarch64-buildroot-linux-gnu/sysroot/lib/:/opt/t5sdk/aarch64-buildroot-linux-gnu/sysroot/usr/lib/]
  ignore line: [COLLECT_GCC_OPTIONS='-mabi=lp64' '-mcpu=cortex-a53' '-v' '-o' 'cmTC_9da20' '-shared-libgcc' '-mlittle-endian']
  link line: [ /opt/t5sdk/toolchain/bin/../libexec/gcc/aarch64-linux-gnu/7.4.1/collect2 -plugin /opt/t5sdk/toolchain/bin/../libexec/gcc/aarch64-linux-gnu/7.4.1/liblto_plugin.so -plugin-opt=/opt/t5sdk/toolchain/bin/../libexec/gcc/aarch64-linux-gnu/7.4.1/lto-wrapper -plugin-opt=-fresolution=/tmp/ccOh8yTM.res -plugin-opt=-pass-through=-lgcc_s -plugin-opt=-pass-through=-lgcc -plugin-opt=-pass-through=-lc -plugin-opt=-pass-through=-lgcc_s -plugin-opt=-pass-through=-lgcc --sysroot=/opt/t5sdk/aarch64-buildroot-linux-gnu/sysroot --build-id --eh-frame-hdr -dynamic-linker /lib/ld-linux-aarch64.so.1 -X -EL -maarch64linux --fix-cortex-a53-835769 --fix-cortex-a53-843419 -o cmTC_9da20 /opt/t5sdk/aarch64-buildroot-linux-gnu/sysroot/usr/lib/../lib64/crt1.o /opt/t5sdk/aarch64-buildroot-linux-gnu/sysroot/usr/lib/../lib64/crti.o /opt/t5sdk/toolchain/bin/../lib/gcc/aarch64-linux-gnu/7.4.1/crtbegin.o -L/opt/t5sdk/toolchain/bin/../lib/gcc/aarch64-linux-gnu/7.4.1 -L/opt/t5sdk/toolchain/bin/../lib/gcc/aarch64-linux-gnu -L/opt/t5sdk/toolchain/bin/../lib/gcc -L/opt/t5sdk/toolchain/bin/../lib/gcc/aarch64-linux-gnu/7.4.1/../../../../aarch64-linux-gnu/lib/../lib64 -L/opt/t5sdk/aarch64-buildroot-linux-gnu/sysroot/lib/../lib64 -L/opt/t5sdk/aarch64-buildroot-linux-gnu/sysroot/usr/lib/../lib64 -L/opt/t5sdk/toolchain/bin/../lib/gcc/aarch64-linux-gnu/7.4.1/../../../../aarch64-linux-gnu/lib -L/opt/t5sdk/aarch64-buildroot-linux-gnu/sysroot/lib -L/opt/t5sdk/aarch64-buildroot-linux-gnu/sysroot/usr/lib CMakeFiles/cmTC_9da20.dir/CMakeCXXCompilerABI.cpp.o -lstdc++ -lm -lgcc_s -lgcc -lc -lgcc_s -lgcc /opt/t5sdk/toolchain/bin/../lib/gcc/aarch64-linux-gnu/7.4.1/crtend.o /opt/t5sdk/aarch64-buildroot-linux-gnu/sysroot/usr/lib/../lib64/crtn.o]
    arg [/opt/t5sdk/toolchain/bin/../libexec/gcc/aarch64-linux-gnu/7.4.1/collect2] ==> ignore
    arg [-plugin] ==> ignore
    arg [/opt/t5sdk/toolchain/bin/../libexec/gcc/aarch64-linux-gnu/7.4.1/liblto_plugin.so] ==> ignore
    arg [-plugin-opt=/opt/t5sdk/toolchain/bin/../libexec/gcc/aarch64-linux-gnu/7.4.1/lto-wrapper] ==> ignore
    arg [-plugin-opt=-fresolution=/tmp/ccOh8yTM.res] ==> ignore
    arg [-plugin-opt=-pass-through=-lgcc_s] ==> ignore
    arg [-plugin-opt=-pass-through=-lgcc] ==> ignore
    arg [-plugin-opt=-pass-through=-lc] ==> ignore
    arg [-plugin-opt=-pass-through=-lgcc_s] ==> ignore
    arg [-plugin-opt=-pass-through=-lgcc] ==> ignore
    arg [--sysroot=/opt/t5sdk/aarch64-buildroot-linux-gnu/sysroot] ==> ignore
    arg [--build-id] ==> ignore
    arg [--eh-frame-hdr] ==> ignore
    arg [-dynamic-linker] ==> ignore
    arg [/lib/ld-linux-aarch64.so.1] ==> ignore
    arg [-X] ==> ignore
    arg [-EL] ==> ignore
    arg [-maarch64linux] ==> ignore
    arg [--fix-cortex-a53-835769] ==> ignore
    arg [--fix-cortex-a53-843419] ==> ignore
    arg [-o] ==> ignore
    arg [cmTC_9da20] ==> ignore
    arg [/opt/t5sdk/aarch64-buildroot-linux-gnu/sysroot/usr/lib/../lib64/crt1.o] ==> ignore
    arg [/opt/t5sdk/aarch64-buildroot-linux-gnu/sysroot/usr/lib/../lib64/crti.o] ==> ignore
    arg [/opt/t5sdk/toolchain/bin/../lib/gcc/aarch64-linux-gnu/7.4.1/crtbegin.o] ==> ignore
    arg [-L/opt/t5sdk/toolchain/bin/../lib/gcc/aarch64-linux-gnu/7.4.1] ==> dir [/opt/t5sdk/toolchain/bin/../lib/gcc/aarch64-linux-gnu/7.4.1]
    arg [-L/opt/t5sdk/toolchain/bin/../lib/gcc/aarch64-linux-gnu] ==> dir [/opt/t5sdk/toolchain/bin/../lib/gcc/aarch64-linux-gnu]
    arg [-L/opt/t5sdk/toolchain/bin/../lib/gcc] ==> dir [/opt/t5sdk/toolchain/bin/../lib/gcc]
    arg [-L/opt/t5sdk/toolchain/bin/../lib/gcc/aarch64-linux-gnu/7.4.1/../../../../aarch64-linux-gnu/lib/../lib64] ==> dir [/opt/t5sdk/toolchain/bin/../lib/gcc/aarch64-linux-gnu/7.4.1/../../../../aarch64-linux-gnu/lib/../lib64]
    arg [-L/opt/t5sdk/aarch64-buildroot-linux-gnu/sysroot/lib/../lib64] ==> dir [/opt/t5sdk/aarch64-buildroot-linux-gnu/sysroot/lib/../lib64]
    arg [-L/opt/t5sdk/aarch64-buildroot-linux-gnu/sysroot/usr/lib/../lib64] ==> dir [/opt/t5sdk/aarch64-buildroot-linux-gnu/sysroot/usr/lib/../lib64]
    arg [-L/opt/t5sdk/toolchain/bin/../lib/gcc/aarch64-linux-gnu/7.4.1/../../../../aarch64-linux-gnu/lib] ==> dir [/opt/t5sdk/toolchain/bin/../lib/gcc/aarch64-linux-gnu/7.4.1/../../../../aarch64-linux-gnu/lib]
    arg [-L/opt/t5sdk/aarch64-buildroot-linux-gnu/sysroot/lib] ==> dir [/opt/t5sdk/aarch64-buildroot-linux-gnu/sysroot/lib]
    arg [-L/opt/t5sdk/aarch64-buildroot-linux-gnu/sysroot/usr/lib] ==> dir [/opt/t5sdk/aarch64-buildroot-linux-gnu/sysroot/usr/lib]
    arg [CMakeFiles/cmTC_9da20.dir/CMakeCXXCompilerABI.cpp.o] ==> ignore
    arg [-lstdc++] ==> lib [stdc++]
    arg [-lm] ==> lib [m]
    arg [-lgcc_s] ==> lib [gcc_s]
    arg [-lgcc] ==> lib [gcc]
    arg [-lc] ==> lib [c]
    arg [-lgcc_s] ==> lib [gcc_s]
    arg [-lgcc] ==> lib [gcc]
    arg [/opt/t5sdk/toolchain/bin/../lib/gcc/aarch64-linux-gnu/7.4.1/crtend.o] ==> ignore
    arg [/opt/t5sdk/aarch64-buildroot-linux-gnu/sysroot/usr/lib/../lib64/crtn.o] ==> ignore
  collapse library dir [/opt/t5sdk/toolchain/bin/../lib/gcc/aarch64-linux-gnu/7.4.1] ==> [/opt/t5sdk/toolchain/lib/gcc/aarch64-linux-gnu/7.4.1]
  collapse library dir [/opt/t5sdk/toolchain/bin/../lib/gcc/aarch64-linux-gnu] ==> [/opt/t5sdk/toolchain/lib/gcc/aarch64-linux-gnu]
  collapse library dir [/opt/t5sdk/toolchain/bin/../lib/gcc] ==> [/opt/t5sdk/toolchain/lib/gcc]
  collapse library dir [/opt/t5sdk/toolchain/bin/../lib/gcc/aarch64-linux-gnu/7.4.1/../../../../aarch64-linux-gnu/lib/../lib64] ==> [/opt/t5sdk/toolchain/aarch64-linux-gnu/lib64]
  collapse library dir [/opt/t5sdk/aarch64-buildroot-linux-gnu/sysroot/lib/../lib64] ==> [/opt/t5sdk/aarch64-buildroot-linux-gnu/sysroot/lib64]
  collapse library dir [/opt/t5sdk/aarch64-buildroot-linux-gnu/sysroot/usr/lib/../lib64] ==> [/opt/t5sdk/aarch64-buildroot-linux-gnu/sysroot/usr/lib64]
  collapse library dir [/opt/t5sdk/toolchain/bin/../lib/gcc/aarch64-linux-gnu/7.4.1/../../../../aarch64-linux-gnu/lib] ==> [/opt/t5sdk/toolchain/aarch64-linux-gnu/lib]
  collapse library dir [/opt/t5sdk/aarch64-buildroot-linux-gnu/sysroot/lib] ==> [/opt/t5sdk/aarch64-buildroot-linux-gnu/sysroot/lib]
  collapse library dir [/opt/t5sdk/aarch64-buildroot-linux-gnu/sysroot/usr/lib] ==> [/opt/t5sdk/aarch64-buildroot-linux-gnu/sysroot/usr/lib]
  implicit libs: [stdc++;m;gcc_s;gcc;c;gcc_s;gcc]
  implicit dirs: [/opt/t5sdk/toolchain/lib/gcc/aarch64-linux-gnu/7.4.1;/opt/t5sdk/toolchain/lib/gcc/aarch64-linux-gnu;/opt/t5sdk/toolchain/lib/gcc;/opt/t5sdk/toolchain/aarch64-linux-gnu/lib64;/opt/t5sdk/aarch64-buildroot-linux-gnu/sysroot/lib64;/opt/t5sdk/aarch64-buildroot-linux-gnu/sysroot/usr/lib64;/opt/t5sdk/toolchain/aarch64-linux-gnu/lib;/opt/t5sdk/aarch64-buildroot-linux-gnu/sysroot/lib;/opt/t5sdk/aarch64-buildroot-linux-gnu/sysroot/usr/lib]
  implicit fwks: []


